<?xml version="1.0" encoding="utf-8"?><testsuites name="pytest tests"><testsuite name="pytest" errors="0" failures="0" skipped="0" tests="3" time="0.758" timestamp="2026-02-06T09:33:47.911286-03:00" hostname="pc"><testcase classname="tests.test_health_db_integration" name="test_health_db" time="0.024" /><testcase classname="tests.test_reports_integration" name="test_unpaid_invoices_report_returns_list" time="0.024" /><testcase classname="tests.test_reports_integration" name="test_account_activity_report_returns_list" time="0.024" /></testsuite></testsuites>